aarchup
alarm-clock
canto-curses
canto-daemon
codecs64
cower
cursetheweather
dansguardian
dmenu_mocp
dolphin-box-plugin-git
downgrade
dropbox
dropbox-cli
dtrx
efl-git
efl-git-debug
eggdrop
elementary-git
elementary-git-debug
elementary_test-git
elementary_test-git-debug
enlightenment17-git
enlightenment17-git-debug
faenza-green-icon-theme
fslint
grake
hotshots
kde-servicemenus-meld-menu-extended
kdesudo
key-mon
libqxt
libtiff4
linux-pdq
linux-pdq-docs
linux-pdq-headers
llvm-amdgpu-lib-snapshot
logstalgia
lwks
mediadownloader
mooOS-wallpapers
nast
omg-suite
pacaur
pacserve
pbget
pcre-old
perl-clipboard
perl-umph-prompt
pkgcacheclean
preload
profile-sync-daemon
ps_mem
pulseaudio-mixer-cli-git
pulseaudio_ctl
pyradio-git
python3-threaded_servers
roccat-dkms
secure-delete
simplescreenrecorder
sublime-text-dev
tcptraceroute
teamviewer
terminology-git
ttf-envy-code-r
ttf-ms-fonts
ttf-stylebats
tty-clock-patched
update-mirrorlist
urxvt-font-size-git
vb-pdq
virtualbox-ext-oracle
xcursor-shere-khan-x
yad
yeahconsole
youtube-viewer-git
zsh-completions
zsh-syntax-highlighting
