aarchup
anypaper
bootchart2-git
cacheclean
clipbored-git
codecs64
compton-git
cower-git
delaycut-git
detox
dmenu-path-c
dmenu_mocp
dolphin-box-plugin-git
downgrade
dropbox
dropbox-cli
dtrx
e-modules-extra-svn
e17-themes
eggdrop
faenza-green-icon-theme
ffcast
flashplugin-beta
flexget
foxitreader
fslint
gkrellm-gkfreq
gkrellm-mailwatch
gkrellm2-multiping
gkrellm2-show_ip
gkrellshoot_
gnomish-dark-theme
grake
jreen
libechonest2
libimago2-svn
libtiff4
libvpx-git
livestreamer-git
logstalgia
lwks
marples-black
mod_evasive
mysqltcl
nast
nvidia-dkms
nvidia-hook
pacaur
packer
pacman4console
pacserve
pbget
perl-xml-feedpp
perl-xml-treepp
playonlinux-git
pm2ml
powerpill
profile-sync-daemon
ps_mem
pulseaudio_ctl
pychrom
python2-certifi
python2-pynzb
python2-pyrss2gen
python2-sqlalchemy-0.7.9
python2-xynehttpserver
python3-aur
python3-threaded_servers
python3-xynexdg
qtweetlib
quazip
roccat-dkms
rtmpdump-git
secure-delete
stjerm
sublime-text-nightly
systemd-ui
tcptraceroute
teamviewer
terminology
tomahawk-git
transcoder
tripwire
tt-rss
ttf-envy-code-r
ttf-ms-fonts
ttf-stylebats
ttyload
unigine-sanctuary
urxvt-perls-git
vcp
virtualbox-ext-oracle
vlc-dev
vlc-subtitles-mod
vokoscreen
xcursor-arch-simple
xcursor-shere-khan-x
zsh-completions
zsh-syntax-highlighting
