archey3
armitage-svn
awoken-icons
cacheclean
conky-lua
conkytransmission-bzr
ctris
detox
dfc-git
dolphin-box-plugin-git
downgrade
dropbox
eggdrop
ffcast
ffpoth
flashplugin-beta
flowblade
fontconfig-ubuntu
freetype2-ubuntu
fslint
geany-themes
gframecatcher
glista
gnome-connection-manager
gtkhotkey
idesk-extras
idesktools-xba
kawoken-icons
kdesudo
libjpeg6-turbo
libpng12
libxft-ubuntu
libzeitgeist
logstalgia
luainotify
marples-black
metasploit
midori-git
montecarlo-font
mysqltcl
ncmpcpp-fftw
packer
packer-color
pacman-color
pacmanlog2gource
perl-data-random
perl-goo-canvas
perl-gtk2-imageview
perl-gtk2-unique
perl-mouse
perl-net-dropbox-api
perl-net-oauth
perl-proc-processtable
perl-proc-simple
perl-yaml-tiny
pidgin-light
python2-oauth2
python2-twitter
python3-aur
python3-xynexdg
pytransmissionrpc
radiotray
redshift-minimal
rootactions-servicemenu-kde4
ruby-mkrf
ruby-msgpack
ruby-opengl
ruby-pg
ruby1.8
rubygems1.8
rutorrent
rxvt-unicode-patched
secure-delete
shutter
skulltag
solarus
sublime-text
synapse
teamviewer
ttf-ms-fonts
tyrs
umplayer
urxvt-perls-git
vcp
wicked-git
xcompmgr-git
xcursor-arch-simple
xplanetfx
zsdx
