audiothumbs
cacheclean
clipbored-git
codecs64
compton-git
cower-git
dansguardian
delaycut-git
detox
dmenu-path-c
dmenu_mocp
dolphin-box-plugin-git
downgrade
dropbox
dropbox-cli
dtrx
e17-themes
eggdrop
faenza-green-icon-theme
flexget
foxitreader
fslint
grake
gtk-youtube-viewer
gtk2-theme-black-fate
keepass
kmod-roccat
at-spi2-atk
at-spi2-core
colord
cracklib
db
dbus-glib
flex
gconf
gtk3
js185
lcms2
libgssglue
libgusb
libtirpc
libusbx
libxkbcommon
pam
polkit
wayland
libimago2-svn
libtiff4
libvpx-git
logstalgia
lwks
mod_evasive
mysqltcl
nast
omg-suite
pacaur
packer
pacserve
pbget
pcre-old
perl-xml-feedpp
perl-xml-treepp
pm2ml
powerpill
profile-sync-daemon
ps_mem
pulseaudio_ctl
pybitmessage-git
pychrom
python2-certifi
python2-jsonschema
python2-pynzb
python2-pyrss2gen
python2-sqlalchemy-0.7.9
python2-tvrage
python2-xynehttpserver
python3-aur
python3-threaded_servers
python3-xynexdg
retroshare
secure-delete
simplescreenrecorder
sublime-text-nightly
tcptraceroute
teamviewer
terminology
tor-unstable
transcoder
ttf-envy-code-r
ttf-heineken
ttf-hylian-fonts
ttf-ms-fonts
ttf-stylebats
ttf-unifur
ttyload
unigine-sanctuary
update-mirrorlist
urxvt-font-size-git
urxvt-perls-git
vcp
virtualbox-ext-oracle
vlc-subtitles-mod
whitey
xcursor-arch-simple
xcursor-blackstyle
xcursor-blackwidow
xcursor-shere-khan-x
yeahconsole
zsh-completions
zsh-syntax-highlighting
