aarchup
alarm-clock
autopsy
canto-curses
canto-daemon
cheser-icon-theme
codecs64
cower
cursetheweather
dansguardian
dmenu_mocp
dmitry
downgrade
dtrx
echievements
efl-git
efl-git-debug
eggdrop
elementary-git
elementary-git-debug
elementary_test-git
elementary_test-git-debug
emotion_generic_players-git
emotion_generic_players-git-debug
enlightenment17-git
enlightenment17-git-debug
etrophy
fragroute
fslint
go-fuse
go-sqlite3
grake
hotshots
intrace
johnny
kde-servicemenus-meld-menu-extended
kdesudo
key-mon
lib32-nvidia-libgl-full-beta
lib32-nvidia-utils-full-beta
lib32-opencl-nvidia-full-beta
libqxt
libtiff4
logstalgia
lwks
md5deep
mediadownloader
mod_evasive
mooOS-wallpapers
nast
netsniff-ng
ninvaders
nvidia-full-beta-all
nvidia-libgl-full-beta
nvidia-utils-full-beta
omg-suite
opencl-nvidia-full-beta
pacaur
package-query
pacmanxg4-bin
pacserve
pbget
pcre-old
perl-clipboard
perl-umph-prompt
pgl
pkgcacheclean
pngcrush
preload
profile-sync-daemon
ps_mem
pulseaudio-mixer-cli-git
pulseaudio_ctl
pyradio-git
python-specbar
python2-certifi
python2-jsonschema
python2-pynzb
python2-pyrss2gen
python2-sqlalchemy-0.7.9
python2-tvrage
python2-xynehttpserver
python3-aur
python3-threaded_servers
python3-xynexdg
rar
repacman
roccat-dkms
secure-delete
simplescreenrecorder
sqlmap
ssldump
ssx
stardork
sublime-text-dev
tcplay
tcptraceroute
teamviewer
terminology
tmsu-bin
transcoder
ttf-envy-code-r
ttf-ms-fonts
ttf-stylebats
tty-clock-patched
update-mirrorlist
urxvt-font-size-git
vala0.16
vb-pdq
xboxdrv
xcursor-shere-khan-x
xflux
xpdf
yad
yaourt
yeahconsole
youtube-viewer-git
zsh-completions
zsh-syntax-highlighting
