aarchup
alarm-clock
canto-curses
canto-daemon
codecs64
cower
ctodo
curseofwar
cursetheweather
dansguardian
dmenu-path-c
dmenu_mocp
dolphin-box-plugin-git
downgrade
dropbox
dropbox-cli
dtrx
e17-themes
efl-git
efl-git-debug
eggdrop
elementary-git
elementary-git-debug
elementary_test-git
elementary_test-git-debug
enlightenment17-git
enlightenment17-git-debug
faenza-green-icon-theme
flexget
foxitreader
fslint
grake
gtk-youtube-viewer
lib32-at-spi2-atk
lib32-at-spi2-core
lib32-colord
lib32-cracklib
lib32-db
lib32-flex
lib32-gtk3
lib32-js185
lib32-lcms2
lib32-libgssglue
lib32-libgusb
lib32-libtirpc
lib32-libusbx
lib32-libxkbcommon
lib32-pam
lib32-polkit
lib32-wayland
libtiff4
linux-pdq
linux-pdq-docs
linux-pdq-headers
logstalgia
lwks
mediadownloader
montage
nast
nvidia-all
omg-suite
pacaur
packer
pacserve
pbget
pcre-old
perl-clipboard
perl-umph-prompt
perl-xml-feedpp
perl-xml-treepp
pinger
pkgcacheclean
pm2ml
powerpill
preload
profile-sync-daemon
ps_mem
pulseaudio_ctl
pyradio-git
python2-certifi
python2-jsonschema
python2-pynzb
python2-pyrss2gen
python2-sqlalchemy-0.7.9
python2-tvrage
python2-xynehttpserver
python3-aur
python3-threaded_servers
python3-xynexdg
roccat-dkms
secure-delete
simplescreenrecorder
sublime-text-nightly
tcptraceroute
teamviewer
tor-unstable
transcoder
ttf-envy-code-r
ttf-heineken
ttf-hylian-fonts
ttf-ms-fonts
ttf-stylebats
ttf-unifur
tty-clock-patched
update-mirrorlist
urxvt-font-size-git
virtualbox-ext-oracle
xcursor-shere-khan-x
yeahconsole
zsh-completions
zsh-syntax-highlighting
