aarchup
abs
acpi
alarm-clock
alsa-firmware
alsa-oss
alsa-plugins
alsa-utils
arch-install-scripts
arch-wiki-lite
archiso
audio-convert
autoconf
autocutsel
automake
baobab
binutils
bison
bitcoin-qt
bitlbee
blender
cairo
canto-curses
cclive
cdrdao
cmatrix
codecs64
cower
cowsay
cpupower
cursetheweather
cvs
dansguardian
ddd
devede
devtools
dialog
dmenu
dmenu_mocp
dmidecode
dnsmasq
dnsutils
dolphin-box-plugin-git
dosfstools
downgrade
dropbox
dropbox-cli
dtrx
dvd+rw-tools
efl-git-debug
eggdrop
elementary-git-debug
elementary_test-git
elementary_test-git-debug
encfs
enlightenment17-git-debug
faenza-green-icon-theme
fakeroot
feh
ffmpeg
filezilla
firefox
flashplugin
flex
fontconfig
fortune-mod
frei0r-plugins
fslint
fuseiso
gcc
gcolor2
gdb
getmail
git
gkrellm
gpac
gparted
grake
groff
gstreamer0.10-bad
gstreamer0.10-bad-plugins
gstreamer0.10-base-plugins
gstreamer0.10-ffmpeg
gstreamer0.10-good
gstreamer0.10-ugly
gstreamer0.10-ugly-plugins
hardinfo
hddtemp
hgsvn
hicolor-icon-theme
hotshots
hsetroot
html2text
htop
hub
hwinfo
i7z
iftop
iotop
jhead
k3b
kde-servicemenus-meld-menu-extended
kdebase-dolphin
kdebase-kdialog
kdebase-konsole
kdemultimedia-ffmpegthumbs
kdemultimedia-kmix
kdenlive
kdesdk-dolphin-plugins
kdesdk-thumbnailers
kdesudo
kdeutils-ark
keepassx
key-mon
keychain
nvidia-utils
libavc1394
libisoburn
libmodplug
libpng12
libtiff4
libtool
libtxc_dxtn
libunique
libva-vdpau-driver
libvpx
libxft
lm_sensors
logstalgia
lxtask
lzop
m4
make
mcomix
mediadownloader
mediainfo
meld
memcached
memtest86+
mlocate
mlt
mlt-python-bindings
moc
mod_evasive
mooOS-wallpapers
mtools
multitail
mumble
mutt
namcap
nast
ncdu
net-tools
nethogs
nmap
ntfs-3g
ntp
nvidia
nvidia-cg-toolkit
nvidia-utils
omg-suite
openssh
pacaur
pacmatic
pacserve
patch
pavucontrol
pbget
perl-lwp-protocol-https
perl-umph-prompt
phonon-vlc
phoronix-test-suite
php
pinta
pkg-config
pkgcacheclean
pkgfile
polipo
ppp
preload
privoxy
profile-sync-daemon
pulseaudio
pulseaudio-alsa
pulseaudio-mixer-cli-git
pulseaudio_ctl
pv
pyradio-git
python
python-feedparser
python-gobject
python2-certifi
python2-jsonschema
python2-pynzb
python2-pyrss2gen
python2-tvrage
python2-xynehttpserver
python3-aur
python3-threaded_servers
python3-xynexdg
roccat-dkms
rsync
rtmpdump
rxvt-unicode
schroot
scrot
secure-delete
simplescreenrecorder
squashfs-tools
squid
sshfs
steam
strace
sublime-text-dev
sudo
syslinux
tcpdump
tcplay
tcptraceroute
teamviewer
terminology-git
terminus-font
tig
tls
tor
torsocks
traceroute
transcoder
transmission-qt
ttf-bitstream-vera
ttf-envy-code-r
ttf-liberation
ttf-ms-fonts
ttf-stylebats
tty-clock-patched
udevil
unrar
unzip
update-mirrorlist
upx
urxvt-font-size-git
urxvt-perls
vb-pdq
vim
virtualbox
virtualbox-ext-oracle
virtualbox-host-dkms
vlc
vorbis-tools
w3m
wavpack
wayland
webkitgtk2
weechat
wget
wgetpaste
wireshark-cli
wireshark-gtk
wmctrl
x264
xbindkeys
xclip
xcursor-shere-khan-x
xdotool
xf86-input-evdev
xf86-input-keyboard
xf86-input-mouse
xf86-input-synaptics
xf86-input-vmmouse
xf86-input-void
xf86-video-vesa
xorg-server
xorg-server-utils
xorg-utils
xorg-xinit
xorg-xkill
xpdf
xterm
xvkbd
yad
yajl
yeahconsole
youtube-dl
youtube-viewer-git
zenity
zip
zsh
zsh-completions
zsh-syntax-highlighting
