abs
acpi
alsa-firmware
alsa-oss
alsa-plugins
alsa-utils
arch-install-scripts
arch-wiki-lite
archiso
audio-convert
autoconf
autocutsel
automake
binutils-multilib
bison
bitlbee
blender
cairo
cclive
cdrdao
cmatrix
cowsay
cpupower
ddd
devede
devtools
dialog
dmenu
dmidecode
dnsmasq
dnsutils
dosfstools
dvd+rw-tools
encfs
epdfview
fakeroot
feh
ffmpeg
filezilla
firefox
flex
fontconfig
fortune-mod
frei0r-plugins
fuseiso
gcc-libs-multilib
gcc-multilib
gcolor2
gdb
getmail
git
gkrellm
gpac
gparted
groff
gstreamer0.10-bad
gstreamer0.10-bad-plugins
gstreamer0.10-base-plugins
gstreamer0.10-ffmpeg
gstreamer0.10-good
gstreamer0.10-ugly
gstreamer0.10-ugly-plugins
hardinfo
hddtemp
hgsvn
hicolor-icon-theme
hsetroot
htop
hub
hwinfo
i7z
iftop
iotop
jhead
k3b
kdebase-dolphin
kdebase-konsole
kdemultimedia-ffmpegthumbs
kdenlive
kdesdk-dolphin-plugins
kdeutils-ark
keepassx
keychain
lib32-alsa-plugins
lib32-libldap
lib32-libpng12
lib32-libpulse
lib32-libtxc_dxtn
lib32-libxft
lib32-mpg123
lib32-nvidia-utils
lib32-openal
libavc1394
libisoburn
libmodplug
libpng12
libtool
libunique
libva-vdpau-driver
libvpx
libxft
lm_sensors
lxtask
lzop
m4
make
mcomix
mediainfo
meld
memcached
memtest86+
mlocate
mlt
mlt-python-bindings
moc
mtools
multitail
mumble
mutt
namcap
ncdu
net-tools
nethogs
nmap
ntfs-3g
ntp
nvidia
nvidia-cg-toolkit
nvidia-utils
openssh
patch
pavucontrol
perl-lwp-protocol-https
phonon-vlc
phoronix-test-suite
php
pinta
pkg-config
pkgfile
polipo
portaudio_cpp
ppp
privoxy
pulseaudio
pulseaudio-alsa
pv
python
python-feedparser
python-gobject
python2-beautifulsoup4
rsync
rtmpdump
rxvt-unicode
scrot
squashfs-tools
squid
sshfs
steam
strace
sudo
syslinux
tcpdump
terminus-font
tig
tls
torsocks
traceroute
truecrypt
ttf-bitstream-vera
udevil
unrar
unzip
upx
urxvt-perls
vim
virtualbox
virtualbox-host-dkms
vlc
vorbis-tools
w3m
wavpack
wayland
webkitgtk2
weechat
wget
wgetpaste
wireshark-cli
wireshark-gtk
wmctrl
x264
xbindkeys
xclip
xdotool
xf86-input-evdev
xf86-input-keyboard
xf86-input-mouse
xf86-input-synaptics
xf86-input-vmmouse
xf86-input-void
xf86-video-vesa
xorg-server
xorg-server-utils
xorg-utils
xorg-xinit
xorg-xkill
xterm
xvkbd
yajl
youtube-dl
zenity
zip
zsh
