aarchup
acpi
alsa-firmware
alsa-oss
alsa-plugins
alsa-utils
apache
arch-install-scripts
archiso-git
arm
audio-convert
autoconf
autocutsel
automake
awesome
bash
binutils-multilib
bison
bitlbee
bzip2
cacheclean
cairo
cclive
cdrdao
checkbashisms
chromium
cmatrix
compton-git
conky-lua
conkytransmission-bzr
conkywx
coreutils
cower
cowsay
cronie
cryptsetup
curlftpfs
cutycapt-svn
detox
devede
device-mapper
devtools
dhcpcd
dialog
diffutils
dmenu
dmenu-path-c
dmenu_mocp
dmidecode
dnsutils
dolphin-box-plugin-git
dosfstools
downgrade
driconf
dropbox-cli
dvd+rw-tools
e2fsprogs
eggdrop
elinks
encfs
epdfview
fakeroot
ffcast
ffpoth
file
filesystem
filezilla
findutils
firefox
flashplugin-beta
flex
flexget
fontconfig
fortune-mod
freetuxtv
freetype2
fslint
fuseiso
gawk
gcc-libs-multilib
gcc-multilib
gcolor2
gdb
gettext
gh
git
glibc
gnome-colors-icon-theme-extras
gnome-disk-utility
gnome-icon-theme
gnome-icon-theme-extras
gnunet-gtk
google-image-downloader
gparted
gpicview
grake
grep
grub
gstreamer0.10-bad
gstreamer0.10-base-plugins
gstreamer0.10-good
gstreamer0.10-ugly
gtk-engine-murrine
gzip
hardinfo
hddtemp
heirloom-mailx
hgsvn
hicolor-icon-theme
hsetroot
htop
hub
inetutils
iputils
jfsutils
k3b
kdebase-dolphin
kdemultimedia-ffmpegthumbs
kdenlive-git
kdeutils-ark
keepassx
keychain
less
lib32-google-breakpad-svn
lib32-intel-dri
lib32-libldap
lib32-libtxc_dxtn
lib32-libxft
lib32-mpg123
lib32-openal
libisoburn
libmodplug
libotr
libpng12
libstatgrab
libtool
libunique
libxft
licenses
linux
lm_sensors
logrotate
logstalgia
lua-sqlite3
luafilesystem
luarocks
luasocket
lvm2
lxappearance
lxtask
lzop
m4
make
man-db
man-pages
mcomix
mdadm
meld
memcached
memtest86+
mesa
mlocate
moc
montecarlo-font
multitail
mumble
mysql
mysqltcl
namcap
nano
nethogs
networkmanager
neuropolitical_font
nitrogen
ntfs-3g
ntfsprogs
ntp
openssh
pacaur
packer
pacman
pacman-color
pacmanlog2gource
patch
pciutils
pcmciautils
pdq-utils
perl
php
php-apache
php-apc
php-gd
php-geoip
php-intl
php-mcrypt
php-memcache
php-memcached
php-pear
php-sqlite
phpmyadmin
pinta
pkg-config
pkgbrowser
pkgfile
polipo
powerpill
ppp
preload
privoxy
procps-ng
psmisc
pyalpm
pystatgrab
python2-beautifulsoup4
python3-aur
reiserfsprogs
rsync
ruby
rxvt-unicode-patched
screen
screenfetch-git
scrot
secure-delete
sed
shadow
simpleswitcher-git
spacefm-git
squashfs-tools
sshfs
steam
sublime-text-dev
sudo
syncbackup
sysfsutils
syslinux
systemd
systemd-sysvcompat
systemd-ui-git
tar
tcpdump
teamviewer
terminus-font
texinfo
tig
tls
tor
torsocks
transcoder
transmission-cli
truecrypt
ttf-envy-code-r
ttf-ms-fonts
ttf-openlogos
ttf-pizzadude-bullets
ttf-stylebats
ttyload
udevil
unrar
unzip
upx
urxvt-perls-git
usbutils
util-linux
vala-git
vcp
vi
vim
virtualbox
vlc
vnstat
vorbis-tools
wavpack
webkitgtk2
weechat
wget
which
wicked-git
wireshark-cli
wmctrl
wpa_supplicant
xbindkeys
xclip
xcursor-arch-simple
xcursor-dmz
xcursor-themes
xdotool
xf86-input-evdev
xf86-input-keyboard
xf86-input-mouse
xf86-input-synaptics
xf86-input-vmmouse
xf86-input-void
xf86-video-intel
xf86-video-vesa
xfsprogs
xorg-server
xorg-server-utils
xorg-server-xephyr
xorg-utils
xorg-xinit
xorg-xkill
xterm
xvkbd
zenity
zip
zsh
zsh-completions
zsh-syntax-highlighting
