acpi
alsa-firmware
alsa-oss
alsa-plugins
alsa-utils
apache
arch-install-scripts
audio-convert
autoconf
autocutsel
automake
awesome
baobab
binutils
bison
bitlbee
cairo
cclive
cdrdao
chromium
cmatrix
conky
cowsay
ddd
devede
devtools
dialog
dmenu
dmidecode
dnsutils
dosfstools
driconf
dvd+rw-tools
elinks
encfs
enlightenment17
epdfview
fakeroot
feh
filezilla
firefox
flex
fontconfig
fortune-mod
freetype2
fuseiso
gcc-libs
gcc
gcolor2
gdb
git
gnome-disk-utility
gnome-icon-theme
gnome-icon-theme-extras
gnunet-gtk
gparted
gstreamer0.10-bad
gstreamer0.10-base-plugins
gstreamer0.10-good
gstreamer0.10-ugly
gtk-engine-murrine
hardinfo
hddtemp
hgsvn
hicolor-icon-theme
hsetroot
htop
hub
iotop
k3b
kdebase-dolphin
kdebase-plasma
kdemultimedia-ffmpegthumbs
kdeutils-ark
keepassx
keychain
intel-dri
libldap
libtxc_dxtn
libxft
mpg123
openal
libisoburn
libmodplug
libotr
libpng12
libstatgrab
libtool
libunique
libxft
lm_sensors
lua51-filesystem
lua51-socket
lxappearance
lxtask
lzop
m4
make
mcomix
meld
memcached
memtest86+
mesa
mlocate
moc
mtools
multitail
mumble
mysql
namcap
nethogs
networkmanager
nmon
ntfs-3g
ntfsprogs
ntp
openshot
openssh
patch
php
php-apache
php-apc
php-gd
php-geoip
php-intl
php-mcrypt
php-memcache
php-memcached
php-pear
php-sqlite
phpmyadmin
pinta
pkg-config
pkgfile
polipo
preload
privoxy
pyalpm
pystatgrab
python2-beautifulsoup4
rsync
ruby
rxvt-unicode
screen
scrot
squashfs-tools
sshfs
sudo
syslinux
systemd
tcpdump
terminus-font
tig
tls
tor
traceroute
transmission-cli
truecrypt
ttf-bitstream-vera
ttf-envy-code-r
udevil
unrar
unzip
upx
vicious
vim
virtualbox
vlc
vnstat
vorbis-tools
wavpack
webkitgtk2
weechat
wget
wireshark-cli
wmctrl
wpa_supplicant
xbindkeys
xclip
xcursor-themes
xdotool
xf86-input-evdev
xf86-input-keyboard
xf86-input-mouse
xf86-input-synaptics
xf86-input-vmmouse
xf86-input-void
xf86-video-intel
xf86-video-vesa
xorg-server
xorg-server-utils
xorg-server-xephyr
xorg-utils
xorg-xinit
xorg-xkill
xterm
xvkbd
zenity
zip
zsh
