3proxy
dbd
intersect
iodine
ptunnel
socat
web
bluediving
bluelog
spooftooph
cisco-auditing-tool
cisco-global-exploiter
ciscos
ocs
oat
sqlbrute
sqlmap
sqlninja
sqlsus
dns
google
ids
jigsaw
miranda
smtp
snmp
theharvester
voip
web
exploitdb
fasttrack
framework
metasploit
framework2
netgear-telnetenable
rebind
set
autopsy
chkrootkit
ddrescue
pdfbook
pdfid
pdf-parser
samdump
testdisk
vinetto
bed
spike
voip
arduino
creepy
ewizard
exiftool
openvas
cmospwd
crunch
cupp
hashcat
john
johnny
keimpx
multiforcer
pack
patator
phrasendrescher
rainbowcrack
sipcrack
sucrack
twofi
wce
cutycapt
android
binwalk
flasm
jad
mercury
ollydbg
httsquash
lynis
netifera
unicornscan
darkstat
hamster
hexinject
mitmproxy
tcpreplay
pwnat
udptunnel
ace
sipp
sipvicious
smap
beef
blindelephant
burpsuite
dirb
dirbuster
dotdotpwn
fimap
grabber
joomscan
mantra
nikto
plecost
scanners
skipfish
sslstrip
vega
w3af
waffit
wapiti
webscarab
websecurify
wfuzz
wpscan
xsser
databases
misc
scanners
tools
aircrack-ng
fern-wifi-cracker
freeradius-wpe
giskismet
horst
wepcrack
wifite